\BOOKMARK [0][-]{chapter.11}{\376\377\000I\000n\000t\000r\000o\000d\000u\000c\000c\000i\000\363\000n}{}% 1
\BOOKMARK [1][-]{section.13}{\376\377\000M\000o\000t\000i\000v\000a\000c\000i\000\363\000n}{chapter.11}% 2
\BOOKMARK [1][-]{section.14}{\376\377\000O\000r\000g\000a\000n\000i\000z\000a\000c\000i\000\363\000n\000\040\000d\000e\000l\000\040\000D\000o\000c\000u\000m\000e\000n\000t\000o}{chapter.11}% 3
\BOOKMARK [0][-]{chapter.15}{\376\377\000M\000a\000r\000c\000o\000\040\000T\000e\000\363\000r\000i\000c\000o}{}% 4
\BOOKMARK [1][-]{section.16}{\376\377\000I\000n\000g\000e\000n\000i\000e\000r\000\355\000a\000\040\000d\000e\000\040\000T\000r\000\341\000n\000s\000i\000t\000o\000\040\000y\000\040\000S\000i\000m\000u\000l\000a\000c\000i\000\363\000n}{chapter.15}% 5
\BOOKMARK [2][-]{subsection.17}{\376\377\000T\000e\000r\000m\000i\000n\000o\000l\000o\000g\000\355\000a\000\040\000d\000e\000\040\000T\000r\000\341\000n\000s\000i\000t\000o}{section.16}% 6
\BOOKMARK [2][-]{subsection.20}{\376\377\000F\000u\000n\000d\000a\000m\000e\000n\000t\000o\000s\000\040\000d\000e\000\040\000l\000a\000\040\000D\000i\000n\000\341\000m\000i\000c\000a\000\040\000V\000e\000h\000i\000c\000u\000l\000a\000r}{section.16}% 7
\BOOKMARK [2][-]{subsection.30}{\376\377\000S\000i\000s\000t\000e\000m\000a\000s\000\040\000d\000e\000\040\000C\000o\000n\000t\000r\000o\000l\000\040\000d\000e\000\040\000T\000r\000\341\000n\000s\000i\000t\000o}{section.16}% 8
\BOOKMARK [2][-]{subsection.34}{\376\377\000S\000i\000m\000u\000l\000a\000c\000i\000\363\000n\000\040\000d\000e\000\040\000T\000r\000\341\000n\000s\000i\000t\000o}{section.16}% 9
\BOOKMARK [1][-]{section.42}{\376\377\000A\000p\000r\000e\000n\000d\000i\000z\000a\000j\000e\000\040\000p\000o\000r\000\040\000R\000e\000f\000u\000e\000r\000z\000o\000\040\000\050\000R\000L\000\051}{chapter.15}% 10
\BOOKMARK [2][-]{subsection.43}{\376\377\000P\000r\000o\000c\000e\000s\000o\000s\000\040\000d\000e\000\040\000D\000e\000c\000i\000s\000i\000\363\000n\000\040\000d\000e\000\040\000M\000a\000r\000k\000o\000v\000\040\000\050\000M\000D\000P\000\051}{section.42}% 11
\BOOKMARK [2][-]{subsection.47}{\376\377\000M\000\351\000t\000o\000d\000o\000s\000\040\000B\000a\000s\000a\000d\000o\000s\000\040\000e\000n\000\040\000V\000a\000l\000o\000r\000\040\000y\000\040\000B\000a\000s\000a\000d\000o\000s\000\040\000e\000n\000\040\000P\000o\000l\000\355\000t\000i\000c\000a}{section.42}% 12
\BOOKMARK [2][-]{subsection.55}{\376\377\000A\000p\000r\000e\000n\000d\000i\000z\000a\000j\000e\000\040\000P\000r\000o\000f\000u\000n\000d\000o\000\040\000y\000\040\000R\000e\000d\000e\000s\000\040\000N\000e\000u\000r\000o\000n\000a\000l\000e\000s}{section.42}% 13
\BOOKMARK [2][-]{subsection.67}{\376\377\000A\000p\000r\000e\000n\000d\000i\000z\000a\000j\000e\000\040\000p\000o\000r\000\040\000R\000e\000f\000u\000e\000r\000z\000o\000\040\000P\000r\000o\000f\000u\000n\000d\000o\000\040\000\050\000D\000R\000L\000\051}{section.42}% 14
\BOOKMARK [1][-]{section.84}{\376\377\000A\000p\000r\000e\000n\000d\000i\000z\000a\000j\000e\000\040\000p\000o\000r\000\040\000R\000e\000f\000u\000e\000r\000z\000o\000\040\000M\000u\000l\000t\000i\000-\000A\000g\000e\000n\000t\000e\000\040\000\050\000M\000A\000R\000L\000\051}{chapter.15}% 15
\BOOKMARK [2][-]{subsection.85}{\376\377\000F\000u\000n\000d\000a\000m\000e\000n\000t\000o\000s\000\040\000t\000e\000\363\000r\000i\000c\000o\000s\000:\000\040\000j\000u\000e\000g\000o\000s\000\040\000e\000s\000t\000o\000c\000\341\000s\000t\000i\000c\000o\000s\000,\000\040\000e\000q\000u\000i\000l\000i\000b\000r\000i\000o\000\040\000d\000e\000\040\000N\000a\000s\000h\000\040\000y\000\040\000D\000e\000c\000-\000P\000O\000M\000D\000P}{section.84}% 16
\BOOKMARK [2][-]{subsection.90}{\376\377\000D\000e\000s\000a\000f\000\355\000o\000s\000\040\000F\000u\000n\000d\000a\000m\000e\000n\000t\000a\000l\000e\000s\000\040\000e\000n\000\040\000M\000A\000R\000L}{section.84}% 17
\BOOKMARK [2][-]{subsection.93}{\376\377\000P\000a\000r\000a\000d\000i\000g\000m\000a\000s\000\040\000d\000e\000\040\000E\000n\000t\000r\000e\000n\000a\000m\000i\000e\000n\000t\000o\000\040\000y\000\040\000E\000j\000e\000c\000u\000c\000i\000\363\000n}{section.84}% 18
\BOOKMARK [2][-]{subsection.94}{\376\377\000M\000A\000D\000R\000L\000\040\000y\000\040\000l\000\355\000n\000e\000a\000s\000\040\000d\000e\000\040\000b\000a\000s\000e}{section.84}% 19
\BOOKMARK [2][-]{subsection.97}{\376\377\000M\000A\000P\000P\000O}{section.84}% 20
\BOOKMARK [2][-]{subsection.106}{\376\377\000H\000A\000P\000P\000O}{section.84}% 21
\BOOKMARK [2][-]{subsection.120}{\376\377\000A\000n\000t\000e\000c\000e\000d\000e\000n\000t\000e\000s\000\040\000r\000e\000c\000i\000e\000n\000t\000e\000s\000\040\000d\000e\000l\000\040\000c\000o\000n\000t\000r\000o\000l\000\040\000s\000e\000m\000a\000f\000\363\000r\000i\000c\000o\000\040\000m\000u\000l\000t\000i\000a\000g\000e\000n\000t\000e}{section.84}% 22
\BOOKMARK [0][-]{chapter.125}{\376\377\000M\000e\000t\000o\000d\000o\000l\000o\000g\000\355\000a\000\040\000y\000\040\000D\000i\000s\000e\000\361\000o\000\040\000E\000x\000p\000e\000r\000i\000m\000e\000n\000t\000a\000l}{}% 23
\BOOKMARK [1][-]{section.126}{\376\377\000E\000n\000f\000o\000q\000u\000e\000\040\000y\000\040\000D\000i\000s\000e\000\361\000o\000\040\000d\000e\000\040\000I\000n\000v\000e\000s\000t\000i\000g\000a\000c\000i\000\363\000n}{chapter.125}% 24
\BOOKMARK [1][-]{section.134}{\376\377\000E\000s\000p\000e\000c\000i\000f\000i\000c\000a\000c\000i\000\363\000n\000\040\000d\000e\000l\000\040\000E\000c\000o\000s\000i\000s\000t\000e\000m\000a\000\040\000T\000e\000c\000n\000o\000l\000\363\000g\000i\000c\000o}{chapter.125}% 25
\BOOKMARK [1][-]{section.136}{\376\377\000D\000i\000s\000e\000\361\000o\000\040\000y\000\040\000C\000a\000l\000i\000b\000r\000a\000c\000i\000\363\000n\000\040\000d\000e\000\040\000E\000s\000c\000e\000n\000a\000r\000i\000o\000s\000\040\000d\000e\000\040\000T\000r\000\341\000n\000s\000i\000t\000o\000\040\000e\000n\000\040\000S\000U\000M\000O}{chapter.125}% 26
\BOOKMARK [2][-]{subsection.137}{\376\377\000M\000o\000d\000e\000l\000a\000d\000o\000\040\000G\000e\000o\000m\000\351\000t\000r\000i\000c\000o\000\040\000y\000\040\000S\000a\000n\000i\000t\000i\000z\000a\000c\000i\000\363\000n\000\040\000T\000o\000p\000o\000l\000\363\000g\000i\000c\000a}{section.136}% 27
\BOOKMARK [2][-]{subsection.141}{\376\377\000E\000s\000c\000e\000n\000a\000r\000i\000o\000s\000\040\000S\000i\000n\000t\000\351\000t\000i\000c\000o\000s\000:\000\040\0003\000x\0001\000,\000\040\0003\000x\0003\000\040\000y\000\040\0004\000x\0004\000-\000H}{section.136}% 28
\BOOKMARK [2][-]{subsection.146}{\376\377\000E\000s\000c\000e\000n\000a\000r\000i\000o\000\040\000U\000r\000b\000a\000n\000o\000\040\000R\000e\000a\000l\000:\000\040\000M\000i\000c\000r\000o\000c\000e\000n\000t\000r\000o\000\040\000d\000e\000\040\000l\000a\000\040\000C\000i\000u\000d\000a\000d\000\040\000d\000e\000\040\000M\000e\000n\000d\000o\000z\000a}{section.136}% 29
\BOOKMARK [1][-]{section.174}{\376\377\000A\000r\000q\000u\000i\000t\000e\000c\000t\000u\000r\000a\000\040\000d\000e\000\040\000I\000n\000t\000e\000g\000r\000a\000c\000i\000\363\000n\000\040\000E\000n\000t\000o\000r\000n\000o\000-\000A\000g\000e\000n\000t\000e\000s}{chapter.125}% 30
\BOOKMARK [2][-]{subsection.175}{\376\377\000C\000i\000c\000l\000o\000\040\000E\000p\000i\000s\000\363\000d\000i\000c\000o\000\040\000e\000\040\000I\000n\000t\000e\000r\000f\000a\000z\000\040\000d\000e\000\040\000S\000i\000m\000u\000l\000a\000c\000i\000\363\000n}{section.174}% 31
\BOOKMARK [1][-]{section.179}{\376\377\000I\000n\000s\000t\000a\000n\000c\000i\000a\000c\000i\000\363\000n\000\040\000d\000e\000l\000\040\000m\000o\000d\000e\000l\000o\000\040\000D\000e\000c\000-\000P\000O\000M\000D\000P}{chapter.125}% 32
\BOOKMARK [2][-]{subsection.180}{\376\377\000E\000s\000p\000a\000c\000i\000o\000\040\000d\000e\000\040\000O\000b\000s\000e\000r\000v\000a\000c\000i\000o\000n\000e\000s\000\040\000y\000\040\000C\000o\000d\000i\000f\000i\000c\000a\000c\000i\000\363\000n\000\040\000L\000o\000g\000a\000r\000\355\000t\000m\000i\000c\000a}{section.179}% 33
\BOOKMARK [2][-]{subsection.182}{\376\377\000E\000s\000p\000a\000c\000i\000o\000\040\000d\000e\000\040\000A\000c\000c\000i\000o\000n\000e\000s\000\040\000y\000\040\000E\000n\000m\000a\000s\000c\000a\000r\000a\000m\000i\000e\000n\000t\000o\000\040\000D\000i\000n\000\341\000m\000i\000c\000o}{section.179}% 34
\BOOKMARK [2][-]{subsection.184}{\376\377\000F\000u\000n\000c\000i\000\363\000n\000\040\000d\000e\000\040\000R\000e\000c\000o\000m\000p\000e\000n\000s\000a\000\040\000C\000o\000m\000p\000u\000e\000s\000t\000a\000\040\000y\000\040\000C\000o\000o\000r\000d\000i\000n\000a\000c\000i\000\363\000n\000\040\000V\000e\000c\000i\000n\000a\000l}{section.179}% 35
\BOOKMARK [1][-]{section.191}{\376\377\000I\000m\000p\000l\000e\000m\000e\000n\000t\000a\000c\000i\000\363\000n\000\040\000A\000l\000g\000o\000r\000\355\000t\000m\000i\000c\000a\000\040\000e\000\040\000H\000i\000p\000e\000r\000p\000a\000r\000\341\000m\000e\000t\000r\000o\000s}{chapter.125}% 36
\BOOKMARK [2][-]{subsection.192}{\376\377\000M\000e\000c\000a\000n\000i\000s\000m\000o\000s\000\040\000d\000e\000\040\000A\000p\000r\000e\000n\000d\000i\000z\000a\000j\000e\000\040\000I\000n\000d\000e\000p\000e\000n\000d\000i\000e\000n\000t\000e\000\040\000y\000\040\000C\000e\000n\000t\000r\000a\000l\000i\000z\000a\000d\000o}{section.191}% 37
\BOOKMARK [1][-]{section.195}{\376\377\000B\000\372\000s\000q\000u\000e\000d\000a\000\040\000d\000e\000\040\000H\000i\000p\000e\000r\000p\000a\000r\000\341\000m\000e\000t\000r\000o\000s\000\040\000\050\000H\000P\000O\000\051}{chapter.125}% 38
\BOOKMARK [2][-]{subsection.200}{\376\377\000I\000n\000f\000r\000a\000e\000s\000t\000r\000u\000c\000t\000u\000r\000a\000\040\000d\000e\000\040\000C\000\363\000m\000p\000u\000t\000o\000\040\000y\000\040\000O\000r\000q\000u\000e\000s\000t\000a\000c\000i\000\363\000n}{section.195}% 39
\BOOKMARK [1][-]{section.202}{\376\377\000E\000v\000a\000l\000u\000a\000c\000i\000\363\000n\000\040\000d\000e\000\040\000R\000e\000n\000d\000i\000m\000i\000e\000n\000t\000o}{chapter.125}% 40
\BOOKMARK [0][-]{chapter.206}{\376\377\000A\000n\000\341\000l\000i\000s\000i\000s\000\040\000y\000\040\000d\000i\000s\000c\000u\000s\000i\000\363\000n\000\040\000d\000e\000\040\000r\000e\000s\000u\000l\000t\000a\000d\000o\000s}{}% 41
\BOOKMARK [1][-]{section.207}{\376\377\000R\000e\000s\000u\000l\000t\000a\000d\000o\000s\000\040\000d\000e\000l\000\040\000a\000j\000u\000s\000t\000e\000\040\000d\000e\000\040\000h\000i\000p\000e\000r\000p\000a\000r\000\341\000m\000e\000t\000r\000o\000s}{chapter.206}% 42
\BOOKMARK [2][-]{subsection.208}{\376\377\000D\000i\000s\000e\000\361\000o\000\040\000d\000e\000l\000\040\000p\000r\000o\000c\000e\000s\000o\000\040\000d\000e\000\040\000a\000j\000u\000s\000t\000e}{section.207}% 43
\BOOKMARK [2][-]{subsection.209}{\376\377\000R\000e\000s\000u\000l\000t\000a\000d\000o\000s\000\040\000d\000e\000l\000\040\000a\000j\000u\000s\000t\000e\000\040\000y\000\040\000a\000n\000\341\000l\000i\000s\000i\000s\000\040\000d\000e\000\040\000s\000e\000n\000s\000i\000b\000i\000l\000i\000d\000a\000d}{section.207}% 44
\BOOKMARK [2][-]{subsection.210}{\376\377\000C\000o\000n\000f\000i\000g\000u\000r\000a\000c\000i\000\363\000n\000\040\000s\000e\000l\000e\000c\000c\000i\000o\000n\000a\000d\000a\000\040\000p\000a\000r\000a\000\040\000l\000a\000\040\000e\000v\000a\000l\000u\000a\000c\000i\000\363\000n\000\040\000f\000i\000n\000a\000l}{section.207}% 45
\BOOKMARK [1][-]{section.211}{\376\377\000R\000e\000s\000u\000l\000t\000a\000d\000o\000s\000\040\000d\000e\000\040\000l\000o\000s\000\040\000m\000o\000d\000e\000l\000o\000s\000\040\000f\000i\000n\000a\000l\000e\000s}{chapter.206}% 46
\BOOKMARK [2][-]{subsection.212}{\376\377\000C\000r\000i\000t\000e\000r\000i\000o\000s\000\040\000d\000e\000\040\000e\000v\000a\000l\000u\000a\000c\000i\000\363\000n\000\040\000y\000\040\000m\000\351\000t\000r\000i\000c\000a\000s\000\040\000d\000e\000\040\000c\000o\000m\000p\000a\000r\000a\000c\000i\000\363\000n}{section.211}% 47
\BOOKMARK [2][-]{subsection.213}{\376\377\000D\000e\000s\000e\000m\000p\000e\000\361\000o\000\040\000e\000n\000\040\000e\000s\000c\000e\000n\000a\000r\000i\000o\000s\000\040\000s\000i\000n\000t\000\351\000t\000i\000c\000o\000s\000:\000\040\0003\000x\0001\000,\000\040\0003\000x\0003\000,\000\040\0004\000x\0004\000\040\000h\000e\000t\000e\000r\000o\000g\000\351\000n\000e\000o}{section.211}% 48
\BOOKMARK [2][-]{subsection.214}{\376\377\000D\000e\000s\000e\000m\000p\000e\000\361\000o\000\040\000e\000n\000\040\000l\000a\000\040\000r\000e\000d\000\040\000d\000e\000\040\000c\000a\000r\000r\000e\000t\000e\000r\000a\000s\000\040\000d\000e\000\040\000l\000a\000\040\000C\000i\000u\000d\000a\000d\000\040\000d\000e\000\040\000M\000e\000n\000d\000o\000z\000a}{section.211}% 49
\BOOKMARK [1][-]{section.215}{\376\377\000D\000i\000s\000c\000u\000s\000i\000\363\000n\000\040\000e\000\040\000i\000n\000t\000e\000r\000p\000r\000e\000t\000a\000c\000i\000\363\000n\000\040\000d\000e\000\040\000r\000e\000s\000u\000l\000t\000a\000d\000o\000s}{chapter.206}% 50
\BOOKMARK [0][-]{chapter.216}{\376\377\000C\000o\000n\000c\000l\000u\000s\000i\000o\000n\000e\000s}{}% 51
\BOOKMARK [0][-]{appendix.217}{\376\377\000A\000r\000q\000u\000i\000t\000e\000c\000t\000u\000r\000a\000\040\000d\000e\000\040\000S\000o\000f\000t\000w\000a\000r\000e\000\040\000y\000\040\000P\000a\000t\000r\000o\000n\000e\000s\000\040\000d\000e\000\040\000D\000i\000s\000e\000\361\000o}{}% 52
\BOOKMARK [1][-]{section.218}{\376\377\000D\000i\000s\000e\000\361\000o\000\040\000O\000r\000i\000e\000n\000t\000a\000d\000o\000\040\000a\000\040\000O\000b\000j\000e\000t\000o\000s\000\040\000d\000e\000l\000\040\000E\000n\000t\000o\000r\000n\000o\000\040\000d\000e\000\040\000S\000i\000m\000u\000l\000a\000c\000i\000\363\000n}{appendix.217}% 53
\BOOKMARK [1][-]{section.220}{\376\377\000J\000e\000r\000a\000r\000q\000u\000\355\000a\000\040\000d\000e\000\040\000F\000u\000n\000c\000i\000o\000n\000e\000s\000\040\000d\000e\000\040\000R\000e\000c\000o\000m\000p\000e\000n\000s\000a\000\040\000y\000\040\000P\000a\000t\000r\000\363\000n\000\040\000S\000t\000r\000a\000t\000e\000g\000y}{appendix.217}% 54
\BOOKMARK [1][-]{section.222}{\376\377\000P\000a\000t\000r\000o\000n\000e\000s\000\040\000d\000e\000\040\000D\000i\000s\000e\000\361\000o\000\040\000I\000m\000p\000l\000e\000m\000e\000n\000t\000a\000d\000o\000s}{appendix.217}% 55
